Sampling 12 extended-FOV and 12 abdomen-only volumes
[extended 1/12] 20251028201-1.nii.gz ...
C:\Users\User1\pneumo_dataset\venv\lib\site-packages\monai\utils\deprecate_utils.py:320: FutureWarning: monai.transforms.spatial.array Orientation.__init__:labels: Current default value of argument `labels=(('L', 'R'), ('P', 'A'), ('I', 'S'))` was changed in version None from `labels=(('L', 'R'), ('P', 'A'), ('I', 'S'))` to `labels=None`. Default value changed to None meaning that the transform now uses the 'space' of a meta-tensor, if applicable, to determine appropriate axis labels.
  warn_deprecated(argname, msg, warning_category)
[extended 2/12] 20251028254-1.nii.gz ...
[extended 3/12] 20251028088-1.nii.gz ...
[extended 4/12] 20251028106-1.nii.gz ...
[extended 5/12] 20251028284-1.nii.gz ...
[extended 6/12] 20251028081-1.nii.gz ...
[extended 7/12] 20251028309-1.nii.gz ...
[extended 8/12] 20251028097-1.nii.gz ...
[extended 9/12] 20251028299-1.nii.gz ...
[extended 10/12] 20251028099-1.nii.gz ...
[extended 11/12] 20251028144-1.nii.gz ...
[extended 12/12] 20251028015-1.nii.gz ...
[abdomen-only 1/12] 20251028071-1.nii.gz ...
[abdomen-only 2/12] 20251028122-1.nii.gz ...
[abdomen-only 3/12] 20251028308-1.nii.gz ...
[abdomen-only 4/12] 20251028113-1.nii.gz ...
[abdomen-only 5/12] 20251028019-1.nii.gz ...
[abdomen-only 6/12] 20251028121-1.nii.gz ...
[abdomen-only 7/12] 20251028229-1.nii.gz ...
[abdomen-only 8/12] 20251028181-1.nii.gz ...
[abdomen-only 9/12] 20251028198-1.nii.gz ...
[abdomen-only 10/12] 20251028153-1.nii.gz ...
[abdomen-only 11/12] 20251028156-1.nii.gz ...
[abdomen-only 12/12] 20251028209-1.nii.gz ...

=== EXTENDED-FOV (fixed 280mm crop window): n=12 ===

  top edge -- organs present, by how many of 12 volumes:
    esophagus                 (id= 11): 9/12 volumes (75%)
    bladder                   (id= 15): 4/12 volumes (33%)
    colon                     (id= 62): 3/12 volumes (25%)
    IVC                       (id=  7): 2/12 volumes (17%)
    stomach                   (id= 12): 2/12 volumes (17%)
    small bowel               (id= 19): 2/12 volumes (17%)
    kidney                    (id=  2): 1/12 volumes (8%)
    liver                     (id=  1): 1/12 volumes (8%)

  bottom edge -- organs present, by how many of 12 volumes:
    small bowel               (id= 19): 12/12 volumes (100%)
    colon                     (id= 62): 12/12 volumes (100%)
    IVC                       (id=  7): 8/12 volumes (67%)
    rectum                    (id= 18): 5/12 volumes (42%)
    kidney                    (id=  2): 4/12 volumes (33%)
    stomach                   (id= 12): 3/12 volumes (25%)
    liver                     (id=  1): 3/12 volumes (25%)
    right kidney              (id=  5): 2/12 volumes (17%)
    pancreas                  (id=  4): 1/12 volumes (8%)
    duodenum                  (id= 13): 1/12 volumes (8%)
    left kidney               (id= 14): 1/12 volumes (8%)
    spleen                    (id=  3): 1/12 volumes (8%)
    bladder                   (id= 15): 1/12 volumes (8%)
    esophagus                 (id= 11): 1/12 volumes (8%)

=== ABDOMEN-ONLY (natural, uncropped scan boundaries): n=12 ===

  top edge -- organs present, by how many of 12 volumes:
    esophagus                 (id= 11): 9/12 volumes (75%)
    IVC                       (id=  7): 5/12 volumes (42%)
    bladder                   (id= 15): 5/12 volumes (42%)
    small bowel               (id= 19): 4/12 volumes (33%)
    colon                     (id= 62): 4/12 volumes (33%)
    stomach                   (id= 12): 3/12 volumes (25%)
    duodenum                  (id= 13): 3/12 volumes (25%)
    left kidney               (id= 14): 2/12 volumes (17%)
    kidney                    (id=  2): 2/12 volumes (17%)
    spleen                    (id=  3): 1/12 volumes (8%)
    liver                     (id=  1): 1/12 volumes (8%)
    pancreas                  (id=  4): 1/12 volumes (8%)
    right kidney              (id=  5): 1/12 volumes (8%)
    left adrenal              (id=  9): 1/12 volumes (8%)
    rectum                    (id= 18): 1/12 volumes (8%)

  bottom edge -- organs present, by how many of 12 volumes:
    colon                     (id= 62): 10/12 volumes (83%)
    small bowel               (id= 19): 8/12 volumes (67%)
    IVC                       (id=  7): 7/12 volumes (58%)
    kidney                    (id=  2): 5/12 volumes (42%)
    rectum                    (id= 18): 5/12 volumes (42%)
    right kidney              (id=  5): 4/12 volumes (33%)
    esophagus                 (id= 11): 3/12 volumes (25%)
    duodenum                  (id= 13): 3/12 volumes (25%)
    left kidney               (id= 14): 3/12 volumes (25%)
    pancreas                  (id=  4): 2/12 volumes (17%)
    stomach                   (id= 12): 2/12 volumes (17%)
    liver                     (id=  1): 1/12 volumes (8%)
    bladder                   (id= 15): 1/12 volumes (8%)
    spleen                    (id=  3): 1/12 volumes (8%)

Saved raw per-volume detail to scripts/top_bottom_anatomy.json
